manifest should match snapshot with api key:
  1: |
    apiVersion: v1
    data:
      cloud-api-key: MTExLTIyMi0zMzM=
    kind: Secret
    metadata:
      labels: null
      name: steadybit-extension-k6
      namespace: NAMESPACE
    type: Opaque
